Menu:
	r to find a route
	b to see a list of all buildings
	q to quit

Enter an option ('m' to see the menu): # Test the format when multiple comment and blank lines are entered
# a
# s
#assadada
#sdasdqwdsa
#



#