# Test adding duplicated nodes, there should not be
# any duplicate nodes in graph after adding

# Create a graph
created graph graph1

# Add duplicate nodes
added node n1 to graph1
added node n1 to graph1
added node n1 to graph1

# Print the nodes in the graph
graph1 contains: n1